<html>
<body>
<pre>
<h1>µVision Build Log</h1>
<h2>Project:</h2>
C:\Users\scobb_000\Documents\445L\Lab9\ADCPrintResults.uvproj
Project File Date:  04/08/2015

<h2>Output:</h2>
Build target 'ADCPrintResults'
compiling Display.c...
Display.h(7): warning:  #1295-D: Deprecated declaration Display_Init - give arg types
  void Display_Init();
Display.h(10): warning:  #1-D: last line of file ends without a newline
  #endif
Display.c(14): warning:  #223-D: function "printf" declared implicitly
        printf("Temperature: \n");
Display.c(48): warning:  #223-D: function "printf" declared implicitly
        printf("%.2f", temp);
Display.c(80): warning:  #1-D: last line of file ends without a newline
  //}
Display.c: 5 warnings, 0 errors
linking...
Program Size: Code=9160 RO-data=2120 RW-data=64 ZI-data=1280  
".\ADCPrintResults.axf" - 0 Error(s), 5 Warning(s).
Load "C:\\Users\\scobb_000\\Documents\\445L\\Lab9\\ADCPrintResults.axf" 
Connecting: Mode=JTAG, Speed=1000000Hz
Erase Done.
Programming Done.
Verify OK.
